// Jest Snapshot v1, https://goo.gl/fbAQLP

exports[`<Button /> should matches snapshot 1`] = `
<button
  class="flex h-11 cursor-pointer items-center rounded-md border-0 bg-primary-600 px-6 text-sm font-medium leading-none text-neutral-50 transition-colors duration-300 hover:bg-primary-700 active:bg-primary-800"
>
  Children
</button>
`;

exports[`<Button /> should render with icon 1`] = `
<button
  class="flex h-11 cursor-pointer items-center rounded-md border-0 bg-primary-600 px-6 text-sm font-medium leading-none text-neutral-50 transition-colors duration-300 hover:bg-primary-700 active:bg-primary-800"
>
  <svg
    class="mr-2 text-lg"
    fill="none"
    height="1em"
    stroke="currentColor"
    stroke-linecap="round"
    stroke-linejoin="round"
    stroke-width="2"
    viewBox="0 0 24 24"
    width="1em"
    xmlns="http://www.w3.org/2000/svg"
  >
    <polyline
      points="22 12 18 12 15 21 9 3 6 12 2 12"
    />
  </svg>
  Children
</button>
`;
