// Jest Snapshot v1, https://goo.gl/fbAQLP

exports[`<Button /> Renders with children 1`] = `
.c0 {
  -webkit-transition: background 0.3s;
  transition: background 0.3s;
  display: -webkit-box;
  display: -webkit-flex;
  display: -ms-flexbox;
  display: flex;
  -webkit-align-items: center;
  -webkit-box-align: center;
  -ms-flex-align: center;
  align-items: center;
  padding: 0 1.5rem;
  height: 2.6rem;
  border: none;
  border-radius: 0.35rem;
  background: #0f8a7c;
  color: #fff;
  font-size: 0.85rem;
  font-weight: 500;
  cursor: pointer;
}

.c0:hover {
  background: #0d7368;
}

.c0:active {
  background: #0a5c53;
}

.c0 svg {
  font-size: 20px;
  margin-right: 0.5rem !important;
}

<button
  class="c0"
>
  Children
</button>
`;
