// Jest Snapshot v1, https://goo.gl/fbAQLP

exports[`<Error /> Renders with status code and error message 1`] = `
<h1
  class="c-gMRxiR c-gMRxiR-ccsAlU-size-xl c-gMRxiR-cwookq-mb-6"
>
  404
</h1>
`;

exports[`<Error /> Renders with status code and error message 2`] = `
<p
  class="c-IbAAC"
>
  Error message
</p>
`;
