// Jest Snapshot v1, https://goo.gl/fbAQLP

exports[`<Link /> Renders with children 1`] = `
.c0 {
  -webkit-transition: color 0.3s;
  transition: color 0.3s;
  color: #D1D5DB;
  -webkit-text-decoration: none;
  text-decoration: none;
  font-weight: 500;
  z-index: 10;
  cursor: pointer;
}

.c0:hover {
  color: #14B8A6;
}

.c0:active {
  color: #19e6cf;
}

<a
  class="c0"
  href="/#"
>
  Children
</a>
`;
