// Jest Snapshot v1, https://goo.gl/fbAQLP

exports[`<Link /> Renders with active className 1`] = `
.c0 {
  z-index: 10;
  font-weight: 500;
  -webkit-text-decoration: none;
  text-decoration: none;
  -webkit-transition-property: background-color,border-color,color,fill,stroke;
  transition-property: background-color,border-color,color,fill,stroke;
  -webkit-transition-timing-function: cubic-bezier(0.4,0,0.2,1);
  transition-timing-function: cubic-bezier(0.4,0,0.2,1);
  -webkit-transition-duration: 300ms;
  transition-duration: 300ms;
  cursor: pointer;
  --tw-text-opacity: 1;
  color: rgba(244,63,94,var(--tw-text-opacity));
}

.c0:hover {
  --tw-text-opacity: 1;
  color: rgba(244,63,94,var(--tw-text-opacity));
}

.c0:active {
  --tw-text-opacity: 1;
  color: rgba(225,29,72,var(--tw-text-opacity));
}

<a
  class="c0"
  href="/#"
>
  Children
</a>
`;

exports[`<Link /> Renders with children 1`] = `
.c0 {
  z-index: 10;
  font-weight: 500;
  -webkit-text-decoration: none;
  text-decoration: none;
  -webkit-transition-property: background-color,border-color,color,fill,stroke;
  transition-property: background-color,border-color,color,fill,stroke;
  -webkit-transition-timing-function: cubic-bezier(0.4,0,0.2,1);
  transition-timing-function: cubic-bezier(0.4,0,0.2,1);
  -webkit-transition-duration: 300ms;
  transition-duration: 300ms;
  cursor: pointer;
}

.c0:hover {
  --tw-text-opacity: 1;
  color: rgba(244,63,94,var(--tw-text-opacity));
}

.c0:active {
  --tw-text-opacity: 1;
  color: rgba(225,29,72,var(--tw-text-opacity));
}

<a
  class="c0"
  href="/#"
>
  Children
</a>
`;
