// Jest Snapshot v1, https://goo.gl/fbAQLP

exports[`<Link /> Renders with children 1`] = `
.c0 {
  -webkit-transition: color 0.3s cubic-bezier(0.4,0,0.2,1);
  transition: color 0.3s cubic-bezier(0.4,0,0.2,1);
  color: #D1D5DB;
  -webkit-text-decoration: none;
  text-decoration: none;
  font-weight: 600;
  cursor: pointer;
}

.c0:hover {
  color: #F43F5E;
}

.c0:active {
  color: #f76f86;
}

<a
  class="c0"
  href="/#"
>
  Children
</a>
`;
