// Jest Snapshot v1, https://goo.gl/fbAQLP

exports[`<Button /> should matches snapshot 1`] = `
<button
  class="flex items-center px-6 text-sm font-medium leading-none transition-colors duration-300 border-0 rounded-md cursor-pointer h-11 bg-primary-600 text-neutral-50 hover:bg-primary-700 active:bg-primary-800"
>
  Children
</button>
`;
