// Jest Snapshot v1, https://goo.gl/fbAQLP

exports[`<Button /> should matches snapshot 1`] = `
<button
  class="c-kFpNgP"
>
  Children
</button>
`;

exports[`<Button /> should render with icon 1`] = `
<button
  class="c-kFpNgP"
>
  <svg
    fill="none"
    height="1em"
    stroke="currentColor"
    stroke-linecap="round"
    stroke-linejoin="round"
    stroke-width="2"
    viewBox="0 0 24 24"
    width="1em"
    xmlns="http://www.w3.org/2000/svg"
  >
    <polyline
      points="22 12 18 12 15 21 9 3 6 12 2 12"
    />
  </svg>
  Children
</button>
`;
